Java HotSpot(TM) 64-Bit Server VM (25.101-b13) for bsd-amd64 JRE (1.8.0_101-b13), built on Jun 22 2016 02:42:15 by "java_re" with gcc 4.2.1 (Based on Apple Inc. build 5658) (LLVM build 2336.11.00)
Memory: 4k page, physical 16777216k(3678636k free)

/proc/meminfo:

CommandLine flags: -XX:+DisableExplicitGC -XX:InitialHeapSize=1073741824 -XX:InitiatingHeapOccupancyPercent=35 -XX:+ManagementServer -XX:MaxGCPauseMillis=20 -XX:MaxHeapSize=1073741824 -XX:+PrintGC -XX:+PrintGCDateStamps -XX:+PrintGCDetails -XX:+PrintGCTimeStamps -XX:+UseCompressedClassPointers -XX:+UseCompressedOops -XX:+UseG1GC 
2017-01-23T23:58:29.587+0500: 0.906: [GC pause (G1 Evacuation Pause) (young), 0.0070444 secs]
   [Parallel Time: 3.1 ms, GC Workers: 8]
      [GC Worker Start (ms): Min: 905.6, Avg: 905.7, Max: 905.7, Diff: 0.1]
      [Ext Root Scanning (ms): Min: 0.2, Avg: 0.5, Max: 1.5, Diff: 1.4, Sum: 4.3]
      [Update RS (ms): Min: 0.0, Avg: 0.0, Max: 0.0, Diff: 0.0, Sum: 0.0]
         [Processed Buffers: Min: 0, Avg: 0.0, Max: 0, Diff: 0, Sum: 0]
      [Scan RS (ms): Min: 0.0, Avg: 0.0, Max: 0.0, Diff: 0.0, Sum: 0.0]
      [Code Root Scanning (ms): Min: 0.0, Avg: 0.1, Max: 0.4, Diff: 0.4, Sum: 0.9]
      [Object Copy (ms): Min: 1.4, Avg: 2.2, Max: 2.5, Diff: 1.2, Sum: 17.8]
      [Termination (ms): Min: 0.0, Avg: 0.1, Max: 0.1, Diff: 0.1, Sum: 0.7]
         [Termination Attempts: Min: 1, Avg: 24.4, Max: 40, Diff: 39, Sum: 195]
      [GC Worker Other (ms): Min: 0.0, Avg: 0.0, Max: 0.0, Diff: 0.0, Sum: 0.1]
      [GC Worker Total (ms): Min: 2.9, Avg: 3.0, Max: 3.0, Diff: 0.1, Sum: 23.8]
      [GC Worker End (ms): Min: 908.6, Avg: 908.7, Max: 908.7, Diff: 0.0]
   [Code Root Fixup: 0.2 ms]
   [Code Root Purge: 0.0 ms]
   [Clear CT: 0.1 ms]
   [Other: 3.6 ms]
      [Choose CSet: 0.0 ms]
      [Ref Proc: 3.2 ms]
      [Ref Enq: 0.0 ms]
      [Redirty Cards: 0.1 ms]
      [Humongous Register: 0.0 ms]
      [Humongous Reclaim: 0.0 ms]
      [Free CSet: 0.1 ms]
   [Eden: 51.0M(51.0M)->0.0B(44.0M) Survivors: 0.0B->7168.0K Heap: 51.0M(1024.0M)->7294.5K(1024.0M)]
 [Times: user=0.03 sys=0.00, real=0.01 secs] 
2017-01-23T23:58:30.070+0500: 1.389: [GC pause (G1 Evacuation Pause) (young), 0.0058559 secs]
   [Parallel Time: 3.3 ms, GC Workers: 8]
      [GC Worker Start (ms): Min: 1389.2, Avg: 1389.2, Max: 1389.3, Diff: 0.1]
      [Ext Root Scanning (ms): Min: 0.3, Avg: 0.5, Max: 1.5, Diff: 1.2, Sum: 4.1]
      [Update RS (ms): Min: 0.0, Avg: 0.0, Max: 0.0, Diff: 0.0, Sum: 0.1]
         [Processed Buffers: Min: 0, Avg: 0.1, Max: 1, Diff: 1, Sum: 1]
      [Scan RS (ms): Min: 0.0, Avg: 0.0, Max: 0.0, Diff: 0.0, Sum: 0.1]
      [Code Root Scanning (ms): Min: 0.0, Avg: 0.2, Max: 1.1, Diff: 1.1, Sum: 1.3]
      [Object Copy (ms): Min: 1.6, Avg: 2.4, Max: 2.7, Diff: 1.1, Sum: 19.3]
      [Termination (ms): Min: 0.0, Avg: 0.0, Max: 0.0, Diff: 0.0, Sum: 0.0]
         [Termination Attempts: Min: 1, Avg: 19.9, Max: 30, Diff: 29, Sum: 159]
      [GC Worker Other (ms): Min: 0.0, Avg: 0.0, Max: 0.0, Diff: 0.0, Sum: 0.2]
      [GC Worker Total (ms): Min: 3.1, Avg: 3.1, Max: 3.2, Diff: 0.2, Sum: 25.0]
      [GC Worker End (ms): Min: 1392.4, Avg: 1392.4, Max: 1392.4, Diff: 0.0]
   [Code Root Fixup: 0.2 ms]
   [Code Root Purge: 0.0 ms]
   [Clear CT: 0.1 ms]
   [Other: 2.2 ms]
      [Choose CSet: 0.0 ms]
      [Ref Proc: 1.8 ms]
      [Ref Enq: 0.0 ms]
      [Redirty Cards: 0.1 ms]
      [Humongous Register: 0.0 ms]
      [Humongous Reclaim: 0.0 ms]
      [Free CSet: 0.1 ms]
   [Eden: 44.0M(44.0M)->0.0B(44.0M) Survivors: 7168.0K->7168.0K Heap: 179.1M(1024.0M)->136.8M(1024.0M)]
 [Times: user=0.02 sys=0.00, real=0.00 secs] 
2017-01-23T23:58:48.265+0500: 19.584: [GC pause (Metadata GC Threshold) (young) (initial-mark), 0.0077607 secs]
   [Parallel Time: 5.3 ms, GC Workers: 8]
      [GC Worker Start (ms): Min: 19583.7, Avg: 19583.8, Max: 19583.9, Diff: 0.1]
      [Ext Root Scanning (ms): Min: 1.0, Avg: 1.2, Max: 1.5, Diff: 0.5, Sum: 9.7]
      [Update RS (ms): Min: 0.0, Avg: 0.1, Max: 0.3, Diff: 0.3, Sum: 0.7]
         [Processed Buffers: Min: 0, Avg: 0.4, Max: 1, Diff: 1, Sum: 3]
      [Scan RS (ms): Min: 0.0, Avg: 0.0, Max: 0.0, Diff: 0.0, Sum: 0.1]
      [Code Root Scanning (ms): Min: 0.0, Avg: 0.5, Max: 1.6, Diff: 1.6, Sum: 3.9]
      [Object Copy (ms): Min: 2.4, Avg: 3.3, Max: 3.8, Diff: 1.4, Sum: 26.3]
      [Termination (ms): Min: 0.0, Avg: 0.0, Max: 0.0, Diff: 0.0, Sum: 0.0]
         [Termination Attempts: Min: 1, Avg: 1.9, Max: 4, Diff: 3, Sum: 15]
      [GC Worker Other (ms): Min: 0.0, Avg: 0.0, Max: 0.0, Diff: 0.0, Sum: 0.1]
      [GC Worker Total (ms): Min: 5.0, Avg: 5.1, Max: 5.2, Diff: 0.1, Sum: 40.7]
      [GC Worker End (ms): Min: 19588.9, Avg: 19588.9, Max: 19588.9, Diff: 0.0]
   [Code Root Fixup: 0.5 ms]
   [Code Root Purge: 0.0 ms]
   [Clear CT: 0.1 ms]
   [Other: 1.9 ms]
      [Choose CSet: 0.0 ms]
      [Ref Proc: 1.4 ms]
      [Ref Enq: 0.0 ms]
      [Redirty Cards: 0.1 ms]
      [Humongous Register: 0.0 ms]
      [Humongous Reclaim: 0.0 ms]
      [Free CSet: 0.2 ms]
   [Eden: 27.0M(44.0M)->0.0B(44.0M) Survivors: 7168.0K->7168.0K Heap: 162.9M(1024.0M)->137.7M(1024.0M)]
 [Times: user=0.04 sys=0.00, real=0.01 secs] 
2017-01-23T23:58:48.272+0500: 19.592: [GC concurrent-root-region-scan-start]
2017-01-23T23:58:48.275+0500: 19.594: [GC concurrent-root-region-scan-end, 0.0027042 secs]
2017-01-23T23:58:48.275+0500: 19.594: [GC concurrent-mark-start]
2017-01-23T23:58:48.275+0500: 19.594: [GC concurrent-mark-end, 0.0002001 secs]
2017-01-23T23:58:48.275+0500: 19.595: [GC remark 2017-01-23T23:58:48.275+0500: 19.595: [Finalize Marking, 0.0001617 secs] 2017-01-23T23:58:48.276+0500: 19.595: [GC ref-proc, 0.0000582 secs] 2017-01-23T23:58:48.276+0500: 19.595: [Unloading, 0.0018252 secs], 0.0033964 secs]
 [Times: user=0.01 sys=0.00, real=0.00 secs] 
2017-01-23T23:58:48.279+0500: 19.598: [GC cleanup 137M->136M(1024M), 0.0006396 secs]
 [Times: user=0.00 sys=0.00, real=0.01 secs] 
2017-01-23T23:58:48.280+0500: 19.599: [GC concurrent-cleanup-start]
2017-01-23T23:58:48.280+0500: 19.599: [GC concurrent-cleanup-end, 0.0000167 secs]
2017-01-24T00:09:08.633+0500: 639.968: [GC pause (G1 Evacuation Pause) (young), 0.0070045 secs]
   [Parallel Time: 5.1 ms, GC Workers: 8]
      [GC Worker Start (ms): Min: 639968.5, Avg: 639968.6, Max: 639968.6, Diff: 0.1]
      [Ext Root Scanning (ms): Min: 0.2, Avg: 0.6, Max: 2.0, Diff: 1.8, Sum: 4.6]
      [Update RS (ms): Min: 0.0, Avg: 0.1, Max: 0.5, Diff: 0.5, Sum: 0.9]
         [Processed Buffers: Min: 0, Avg: 0.6, Max: 2, Diff: 2, Sum: 5]
      [Scan RS (ms): Min: 0.0, Avg: 0.0, Max: 0.0, Diff: 0.0, Sum: 0.1]
      [Code Root Scanning (ms): Min: 0.0, Avg: 0.6, Max: 2.0, Diff: 2.0, Sum: 4.6]
      [Object Copy (ms): Min: 2.4, Avg: 3.7, Max: 4.2, Diff: 1.8, Sum: 29.4]
      [Termination (ms): Min: 0.0, Avg: 0.0, Max: 0.0, Diff: 0.0, Sum: 0.2]
         [Termination Attempts: Min: 1, Avg: 74.2, Max: 97, Diff: 96, Sum: 594]
      [GC Worker Other (ms): Min: 0.0, Avg: 0.0, Max: 0.0, Diff: 0.0, Sum: 0.1]
      [GC Worker Total (ms): Min: 4.9, Avg: 5.0, Max: 5.1, Diff: 0.1, Sum: 39.8]
      [GC Worker End (ms): Min: 639973.5, Avg: 639973.5, Max: 639973.5, Diff: 0.0]
   [Code Root Fixup: 0.8 ms]
   [Code Root Purge: 0.0 ms]
   [Clear CT: 0.1 ms]
   [Other: 1.0 ms]
      [Choose CSet: 0.0 ms]
      [Ref Proc: 0.4 ms]
      [Ref Enq: 0.0 ms]
      [Redirty Cards: 0.1 ms]
      [Humongous Register: 0.0 ms]
      [Humongous Reclaim: 0.0 ms]
      [Free CSet: 0.2 ms]
   [Eden: 44.0M(44.0M)->0.0B(46.0M) Survivors: 7168.0K->5120.0K Heap: 180.7M(1024.0M)->137.7M(1024.0M)]
 [Times: user=0.04 sys=0.01, real=0.01 secs] 
2017-01-24T00:50:45.374+0500: 2875.013: [GC pause (G1 Evacuation Pause) (young), 0.0044699 secs]
   [Parallel Time: 3.0 ms, GC Workers: 8]
      [GC Worker Start (ms): Min: 2875013.1, Avg: 2875013.2, Max: 2875013.2, Diff: 0.2]
      [Ext Root Scanning (ms): Min: 0.3, Avg: 0.4, Max: 1.1, Diff: 0.8, Sum: 3.4]
      [Update RS (ms): Min: 0.0, Avg: 0.3, Max: 0.7, Diff: 0.7, Sum: 2.7]
         [Processed Buffers: Min: 0, Avg: 3.0, Max: 6, Diff: 6, Sum: 24]
      [Scan RS (ms): Min: 0.0, Avg: 0.2, Max: 0.3, Diff: 0.3, Sum: 1.7]
      [Code Root Scanning (ms): Min: 0.0, Avg: 0.2, Max: 0.5, Diff: 0.5, Sum: 1.6]
      [Object Copy (ms): Min: 1.3, Avg: 1.5, Max: 1.8, Diff: 0.5, Sum: 12.2]
      [Termination (ms): Min: 0.0, Avg: 0.0, Max: 0.0, Diff: 0.0, Sum: 0.0]
         [Termination Attempts: Min: 1, Avg: 1.1, Max: 2, Diff: 1, Sum: 9]
      [GC Worker Other (ms): Min: 0.0, Avg: 0.0, Max: 0.1, Diff: 0.1, Sum: 0.3]
      [GC Worker Total (ms): Min: 2.6, Avg: 2.7, Max: 2.9, Diff: 0.2, Sum: 21.9]
      [GC Worker End (ms): Min: 2875015.9, Avg: 2875015.9, Max: 2875016.0, Diff: 0.1]
   [Code Root Fixup: 0.3 ms]
   [Code Root Purge: 0.0 ms]
   [Clear CT: 0.1 ms]
   [Other: 1.1 ms]
      [Choose CSet: 0.0 ms]
      [Ref Proc: 0.6 ms]
      [Ref Enq: 0.0 ms]
      [Redirty Cards: 0.1 ms]
      [Humongous Register: 0.0 ms]
      [Humongous Reclaim: 0.0 ms]
      [Free CSet: 0.1 ms]
   [Eden: 46.0M(46.0M)->0.0B(47.0M) Survivors: 5120.0K->4096.0K Heap: 183.7M(1024.0M)->136.5M(1024.0M)]
 [Times: user=0.03 sys=0.00, real=0.00 secs] 
2017-01-24T01:45:31.184+0500: 6160.907: [GC pause (G1 Evacuation Pause) (young), 0.0055132 secs]
   [Parallel Time: 3.0 ms, GC Workers: 8]
      [GC Worker Start (ms): Min: 6160907.1, Avg: 6160907.2, Max: 6160907.3, Diff: 0.2]
      [Ext Root Scanning (ms): Min: 0.4, Avg: 0.7, Max: 2.1, Diff: 1.7, Sum: 5.4]
      [Update RS (ms): Min: 0.0, Avg: 0.2, Max: 0.5, Diff: 0.5, Sum: 1.5]
         [Processed Buffers: Min: 0, Avg: 1.9, Max: 6, Diff: 6, Sum: 15]
      [Scan RS (ms): Min: 0.0, Avg: 0.0, Max: 0.0, Diff: 0.0, Sum: 0.1]
      [Code Root Scanning (ms): Min: 0.0, Avg: 0.4, Max: 1.2, Diff: 1.2, Sum: 2.9]
      [Object Copy (ms): Min: 0.8, Avg: 1.6, Max: 2.1, Diff: 1.3, Sum: 12.7]
      [Termination (ms): Min: 0.0, Avg: 0.0, Max: 0.0, Diff: 0.0, Sum: 0.0]
         [Termination Attempts: Min: 1, Avg: 1.0, Max: 1, Diff: 0, Sum: 8]
      [GC Worker Other (ms): Min: 0.0, Avg: 0.0, Max: 0.1, Diff: 0.1, Sum: 0.3]
      [GC Worker Total (ms): Min: 2.7, Avg: 2.9, Max: 2.9, Diff: 0.2, Sum: 22.8]
      [GC Worker End (ms): Min: 6160910.0, Avg: 6160910.0, Max: 6160910.1, Diff: 0.1]
   [Code Root Fixup: 0.3 ms]
   [Code Root Purge: 0.0 ms]
   [Clear CT: 0.2 ms]
   [Other: 1.9 ms]
      [Choose CSet: 0.0 ms]
      [Ref Proc: 0.9 ms]
      [Ref Enq: 0.0 ms]
      [Redirty Cards: 0.2 ms]
      [Humongous Register: 0.0 ms]
      [Humongous Reclaim: 0.0 ms]
      [Free CSet: 0.2 ms]
   [Eden: 47.0M(47.0M)->0.0B(54.0M) Survivors: 4096.0K->4096.0K Heap: 183.5M(1024.0M)->136.4M(1024.0M)]
 [Times: user=0.02 sys=0.00, real=0.01 secs] 
Heap
 garbage-first heap   total 1048576K, used 146886K [0x0000000780000000, 0x0000000780102000, 0x00000007c0000000)
  region size 1024K, 12 young (12288K), 4 survivors (4096K)
 Metaspace       used 22954K, capacity 23076K, committed 23424K, reserved 1069056K
  class space    used 3293K, capacity 3360K, committed 3456K, reserved 1048576K
